  [0] coarse_r1 n= 1 dim=  20: median field 0.830 mean 0.827 | median energy 0.639 | energy<5%: 0.00 field<10%: 0.00
  [0] coarse_r2 n= 2 dim=  88: median field 0.569 mean 0.573 | median energy 0.312 | energy<5%: 0.01 field<10%: 0.00
  [0] coarse_r3 n= 3 dim= 368: median field 0.310 mean 0.314 | median energy 0.092 | energy<5%: 0.12 field<10%: 0.00
  [0] shared   n= 4 dim=  10: median field 0.832 mean 0.817 | median energy 0.737 | energy<5%: 0.00 field<10%: 0.00
  [0] pod      n= 4 dim=  10: median field 1.101 mean 1.362 | median energy 0.498 | energy<5%: 0.04 field<10%: 0.00
  [0] shared   n= 8 dim=  36: median field 0.715 mean 0.696 | median energy 0.540 | energy<5%: 0.00 field<10%: 0.00
  [0] pod      n= 8 dim=  36: median field 0.273 mean 0.284 | median energy 0.051 | energy<5%: 0.49 field<10%: 0.00
  [0] shared   n=12 dim=  78: median field 0.599 mean 0.602 | median energy 0.394 | energy<5%: 0.00 field<10%: 0.00
  [0] pod      n=12 dim=  78: median field 0.368 mean 0.473 | median energy 0.085 | energy<5%: 0.35 field<10%: 0.00
  [0] shared   n=16 dim= 136: median field 0.526 mean 0.530 | median energy 0.312 | energy<5%: 0.01 field<10%: 0.00
  [0] pod      n=16 dim= 136: median field 0.240 mean 0.309 | median energy 0.033 | energy<5%: 0.62 field<10%: 0.01
  [0] oracle   n= 8 dim=  36: median field 0.044 mean 0.048 | median energy 0.024 | energy<5%: 0.85 field<10%: 1.00
  [0] shared (oracle subset) n= 8: median field 0.642 | median energy 0.439 | energy<5%: 0.00
  [0] pod (oracle subset)    n= 8: median field 0.253 | median energy 0.028 | energy<5%: 0.85
  [0] oracle   n=16 dim= 136: median field 0.044 mean 0.047 | median energy 0.024 | energy<5%: 0.85 field<10%: 1.00
  [0] shared (oracle subset) n=16: median field 0.494 | median energy 0.261 | energy<5%: 0.00
  [0] pod (oracle subset)    n=16: median field 0.254 | median energy 0.060 | energy<5%: 0.40
repeat 0: 3221s
  [1] coarse_r1 n= 1 dim=  20: median field 0.829 mean 0.825 | median energy 0.637 | energy<5%: 0.01 field<10%: 0.00
  [1] coarse_r2 n= 2 dim=  88: median field 0.566 mean 0.567 | median energy 0.308 | energy<5%: 0.00 field<10%: 0.00
  [1] coarse_r3 n= 3 dim= 368: median field 0.310 mean 0.311 | median energy 0.091 | energy<5%: 0.14 field<10%: 0.00
  [1] shared   n= 4 dim=  10: median field 0.836 mean 0.826 | median energy 0.772 | energy<5%: 0.00 field<10%: 0.00
  [1] pod      n= 4 dim=  10: median field 0.964 mean 1.176 | median energy 0.456 | energy<5%: 0.04 field<10%: 0.00
  [1] shared   n= 8 dim=  36: median field 0.679 mean 0.683 | median energy 0.504 | energy<5%: 0.00 field<10%: 0.00
  [1] pod      n= 8 dim=  36: median field 0.275 mean 0.335 | median energy 0.056 | energy<5%: 0.44 field<10%: 0.00
  [1] shared   n=12 dim=  78: median field 0.616 mean 0.610 | median energy 0.396 | energy<5%: 0.00 field<10%: 0.00
  [1] pod      n=12 dim=  78: median field 0.350 mean 0.470 | median energy 0.095 | energy<5%: 0.33 field<10%: 0.00
  [1] shared   n=16 dim= 136: median field 0.502 mean 0.514 | median energy 0.277 | energy<5%: 0.00 field<10%: 0.00
  [1] pod      n=16 dim= 136: median field 0.299 mean 0.352 | median energy 0.066 | energy<5%: 0.42 field<10%: 0.01
repeat 1: 788s
  [2] coarse_r1 n= 1 dim=  20: median field 0.845 mean 0.844 | median energy 0.647 | energy<5%: 0.00 field<10%: 0.00
  [2] coarse_r2 n= 2 dim=  88: median field 0.558 mean 0.563 | median energy 0.295 | energy<5%: 0.02 field<10%: 0.00
  [2] coarse_r3 n= 3 dim= 368: median field 0.308 mean 0.314 | median energy 0.091 | energy<5%: 0.14 field<10%: 0.00
  [2] shared   n= 4 dim=  10: median field 0.850 mean 0.831 | median energy 0.771 | energy<5%: 0.00 field<10%: 0.00
  [2] pod      n= 4 dim=  10: median field 0.959 mean 1.155 | median energy 0.491 | energy<5%: 0.05 field<10%: 0.00
  [2] shared   n= 8 dim=  36: median field 0.690 mean 0.684 | median energy 0.526 | energy<5%: 0.00 field<10%: 0.00
  [2] pod      n= 8 dim=  36: median field 0.280 mean 0.300 | median energy 0.058 | energy<5%: 0.45 field<10%: 0.00
  [2] shared   n=12 dim=  78: median field 0.591 mean 0.591 | median energy 0.377 | energy<5%: 0.00 field<10%: 0.00
  [2] pod      n=12 dim=  78: median field 0.288 mean 0.382 | median energy 0.052 | energy<5%: 0.49 field<10%: 0.00
  [2] shared   n=16 dim= 136: median field 0.533 mean 0.531 | median energy 0.306 | energy<5%: 0.00 field<10%: 0.00
  [2] pod      n=16 dim= 136: median field 0.316 mean 0.391 | median energy 0.070 | energy<5%: 0.41 field<10%: 0.01
repeat 2: 629s

Summary (mean over repeats), median field error by method and size:
  coarse_r1  n= 1 dim=  20: median field 0.835, median energy 0.641, energy<5% 0.00
  coarse_r2  n= 2 dim=  88: median field 0.565, median energy 0.305, energy<5% 0.01
  coarse_r3  n= 3 dim= 368: median field 0.309, median energy 0.091, energy<5% 0.13
  shared     n= 4 dim=  10: median field 0.839, median energy 0.760, energy<5% 0.00
  shared     n= 8 dim=  36: median field 0.694, median energy 0.523, energy<5% 0.00
  shared     n=12 dim=  78: median field 0.602, median energy 0.389, energy<5% 0.00
  shared     n=16 dim= 136: median field 0.520, median energy 0.298, energy<5% 0.00
  pod        n= 4 dim=  10: median field 1.008, median energy 0.481, energy<5% 0.04
  pod        n= 8 dim=  36: median field 0.276, median energy 0.055, energy<5% 0.46
  pod        n=12 dim=  78: median field 0.335, median energy 0.077, energy<5% 0.39
  pod        n=16 dim= 136: median field 0.285, median energy 0.056, energy<5% 0.48
  oracle     n= 8 dim=  36: median field 0.044, median energy 0.024, energy<5% 0.85
  oracle     n=16 dim= 136: median field 0.044, median energy 0.024, energy<5% 0.85
shared W / POD median field error at equal dimension: n=4: 0.83, n=8: 2.51, n=12: 1.80, n=16: 1.83
structure vs POD: COMPARABLE

Verdict: ENCODER NEEDED (shared W fails, per-instance oracle passes)
wrote results/gate1b_geometry_20261004_014507.csv
