width 24; configurations ['G8', 'P8', 'G12', 'P12']; step scale 1.0
  [0] n_train=100 G8   dim  36: train 0.110 | test median field 0.227 energy 0.075 | best-approx (projection) 0.187 (75s)
  [0] n_train=100 P8   dim  36: train 0.119 | test median field 0.242 energy 0.081 | best-approx (projection) 0.192 (72s)
  [0] n_train=100 G12  dim  78: train 0.094 | test median field 0.210 energy 0.066 | best-approx (projection) 0.146 (112s)
  [0] n_train=100 P12  dim  78: train 0.155 | test median field 0.237 energy 0.079 | best-approx (projection) 0.152 (105s)
  [0] n_train=400 G8   dim  36: train 0.141 | test median field 0.161 energy 0.055 | best-approx (projection) 0.137 (93s)
  [0] n_train=400 P8   dim  36: train 0.145 | test median field 0.170 energy 0.060 | best-approx (projection) 0.136 (91s)
  [0] n_train=400 G12  dim  78: train 0.116 | test median field 0.136 energy 0.044 | best-approx (projection) 0.094 (131s)
  [0] n_train=400 P12  dim  78: train 0.194 | test median field 0.208 energy 0.071 | best-approx (projection) 0.149 (125s)
repeat 0: 1123s
wrote results/study7_partial_20261004_125513.csv
  [1] n_train=100 G8   dim  36: train 0.114 | test median field 0.234 energy 0.073 | best-approx (projection) 0.188 (76s)
  [1] n_train=100 P8   dim  36: train 0.145 | test median field 0.254 energy 0.082 | best-approx (projection) 0.202 (73s)
  [1] n_train=100 G12  dim  78: train 0.098 | test median field 0.220 energy 0.062 | best-approx (projection) 0.151 (112s)
  [1] n_train=100 P12  dim  78: train 0.124 | test median field 0.224 energy 0.063 | best-approx (projection) 0.151 (107s)
  [1] n_train=400 G8   dim  36: train 0.140 | test median field 0.159 energy 0.047 | best-approx (projection) 0.130 (94s)
  [1] n_train=400 P8   dim  36: train 0.160 | test median field 0.183 energy 0.057 | best-approx (projection) 0.146 (90s)
  [1] n_train=400 G12  dim  78: train 0.128 | test median field 0.152 energy 0.045 | best-approx (projection) 0.108 (129s)
  [1] n_train=400 P12  dim  78: train 0.221 | test median field 0.238 energy 0.080 | best-approx (projection) 0.159 (126s)
repeat 1: 1123s
wrote results/study7_partial_20261004_131357.csv
  [2] n_train=100 G8   dim  36: train 0.111 | test median field 0.241 energy 0.074 | best-approx (projection) 0.200 (76s)
  [2] n_train=100 P8   dim  36: train 0.124 | test median field 0.246 energy 0.079 | best-approx (projection) 0.195 (73s)
  [2] n_train=100 G12  dim  78: train 0.100 | test median field 0.220 energy 0.065 | best-approx (projection) 0.158 (112s)
  [2] n_train=100 P12  dim  78: train 0.119 | test median field 0.218 energy 0.069 | best-approx (projection) 0.142 (107s)
  [2] n_train=400 G8   dim  36: train 0.139 | test median field 0.170 energy 0.054 | best-approx (projection) 0.145 (94s)
  [2] n_train=400 P8   dim  36: train 0.167 | test median field 0.193 energy 0.067 | best-approx (projection) 0.161 (90s)
  [2] n_train=400 G12  dim  78: train 0.116 | test median field 0.147 energy 0.044 | best-approx (projection) 0.101 (131s)
  [2] n_train=400 P12  dim  78: train 0.185 | test median field 0.210 energy 0.069 | best-approx (projection) 0.148 (125s)
repeat 2: 1135s
wrote results/study7_partial_20261004_133251.csv

Mean over repeats: median field error / training error / best-approximation error of the predicted space
  Gate 2 (1000 steps, n=8): 100: 0.243/0.131, 400: 0.180/0.159 | FNO: 100: 0.241, 400: 0.150
  G8  100: 0.234/0.112/0.191  400: 0.164/0.140/0.137
  P8  100: 0.247/0.129/0.196  400: 0.182/0.158/0.147
  G12 100: 0.216/0.097/0.152  400: 0.145/0.120/0.101
  P12 100: 0.226/0.133/0.148  400: 0.219/0.200/0.152

Registered comparisons (mean median field error ratio, new over old; help = at most 0.90 at both sizes, hurt = at least 1.10 at either)
  More steps (G8 against Gate 2 at 400 instances): ratio 0.91 -> NO CLEAR HELP
  Under-fitting supported (training error of G8 over Gate 2 at 400 instances: 0.88) -> YES
  Pre-training, n = 8: HURTS (ratios 100: 1.06, 400: 1.11)
  Pre-training, n = 12: HURTS (ratios 100: 1.05, 400: 1.51)
  More bumps (dimension 36 -> 78): NO EFFECT (ratios 100: 0.92, 400: 0.89)
  Closes the gap to the FNO at both sizes: ['G12']
wrote results/study7_20261004_133251.csv
